VCD info: dumpfile saida.vcd opened for output.
data_in=55
data_out=zz, parity_ok_n=z, ready=z
tb.v:53: $finish called at 26 (1s)
